src/app/actions/productos.ts(111,55): error TS7006: Parameter 'tx' implicitly has an 'any' type.
src/app/inventario/page.tsx(9,42): error TS7006: Parameter 'p' implicitly has an 'any' type.
src/app/inventario/page.tsx(11,51): error TS7006: Parameter 'p' implicitly has an 'any' type.
src/components/producto-form.tsx(58,5): error TS2322: Type 'Resolver<{ codigo_articulo: string; codigo_barras: string; fecha_ingreso: Date; nombre_producto: string; proveedorId: unknown; alicuota_iva: unknown; precio_costo: unknown; descuento_proveedor: unknown; stock_actual: unknown; stock_recomendado: unknown; tipo_medicion: "UNIDAD" | ... 1 more ... | "METROS"; moneda: "A...' is not assignable to type 'Resolver<{ codigo_articulo: string; codigo_barras: string; fecha_ingreso: Date; nombre_producto: string; proveedorId: number; alicuota_iva: number; precio_costo: number; descuento_proveedor: number; ... 4 more ...; listas_precios: { ...; }[]; }, any, { ...; }>'.
  Types of parameters 'options' and 'options' are incompatible.
    Type 'ResolverOptions<{ codigo_articulo: string; codigo_barras: string; fecha_ingreso: Date; nombre_producto: string; proveedorId: number; alicuota_iva: number; precio_costo: number; descuento_proveedor: number; ... 4 more ...; listas_precios: { ...; }[]; }>' is not assignable to type 'ResolverOptions<{ codigo_articulo: string; codigo_barras: string; fecha_ingreso: Date; nombre_producto: string; proveedorId: unknown; alicuota_iva: unknown; precio_costo: unknown; descuento_proveedor: unknown; stock_actual: unknown; stock_recomendado: unknown; tipo_medicion: "UNIDAD" | ... 1 more ... | "METROS"; mon...'.
      Types of property 'names' are incompatible.
        Type 'string[] | undefined' is not assignable to type '("codigo_articulo" | "codigo_barras" | "fecha_ingreso" | "nombre_producto" | "proveedorId" | "alicuota_iva" | "precio_costo" | "descuento_proveedor" | "stock_actual" | "stock_recomendado" | "tipo_medicion" | "moneda" | "listas_precios")[] | undefined'.
          Type 'string[]' is not assignable to type '("codigo_articulo" | "codigo_barras" | "fecha_ingreso" | "nombre_producto" | "proveedorId" | "alicuota_iva" | "precio_costo" | "descuento_proveedor" | "stock_actual" | "stock_recomendado" | "tipo_medicion" | "moneda" | "listas_precios")[]'.
            Type 'string' is not assignable to type '"codigo_articulo" | "codigo_barras" | "fecha_ingreso" | "nombre_producto" | "proveedorId" | "alicuota_iva" | "precio_costo" | "descuento_proveedor" | "stock_actual" | "stock_recomendado" | "tipo_medicion" | "moneda" | "listas_precios"'.
src/components/producto-form.tsx(183,34): error TS2345: Argument of type '(data: ProductoFormValues) => Promise<void>' is not assignable to parameter of type 'SubmitHandler<TFieldValues>'.
  Types of parameters 'data' and 'data' are incompatible.
    Type 'TFieldValues' is not assignable to type '{ codigo_articulo: string; codigo_barras: string; fecha_ingreso: Date; nombre_producto: string; proveedorId: number; alicuota_iva: number; precio_costo: number; descuento_proveedor: number; ... 4 more ...; listas_precios: { ...; }[]; }'.
      Type 'FieldValues' is missing the following properties from type '{ codigo_articulo: string; codigo_barras: string; fecha_ingreso: Date; nombre_producto: string; proveedorId: number; alicuota_iva: number; precio_costo: number; descuento_proveedor: number; ... 4 more ...; listas_precios: { ...; }[]; }': codigo_articulo, codigo_barras, fecha_ingreso, nombre_producto, and 9 more.
src/components/stock-table.tsx(114,74): error TS2322: Type '{ className: string; title: string; }' is not assignable to type 'IntrinsicAttributes & Omit<LucideProps, "ref"> & RefAttributes<SVGSVGElement>'.
  Property 'title' does not exist on type 'IntrinsicAttributes & Omit<LucideProps, "ref"> & RefAttributes<SVGSVGElement>'.
src/components/stock-table.tsx(141,32): error TS2322: Type '{ children: Element; asChild: true; }' is not assignable to type 'IntrinsicAttributes & Props<unknown>'.
  Property 'asChild' does not exist on type 'IntrinsicAttributes & Props<unknown>'.
src/components/stock-table.tsx(149,31): error TS2322: Type '{ children: Element; asChild: true; }' is not assignable to type 'IntrinsicAttributes & MenuItemProps & { inset?: boolean | undefined; variant?: "default" | "destructive" | undefined; }'.
  Property 'asChild' does not exist on type 'IntrinsicAttributes & MenuItemProps & { inset?: boolean | undefined; variant?: "default" | "destructive" | undefined; }'.
src/components/stock-table.tsx(219,34): error TS2322: Type '{ children: Element; asChild: true; }' is not assignable to type 'IntrinsicAttributes & Props<unknown>'.
  Property 'asChild' does not exist on type 'IntrinsicAttributes & Props<unknown>'.
src/lib/prisma.ts(1,10): error TS2305: Module '"@prisma/client"' has no exported member 'PrismaClient'.
src/lib/validations.ts(14,5): error TS2353: Object literal may only specify known properties, and 'required_error' does not exist in type '{ error?: string | $ZodErrorMap<$ZodIssueInvalidType<unknown>> | undefined; message?: string | undefined; }'.
